Zeile 23: Klasse Linley.McToolBar des Steuerelements McToolBar1 war keine geladene Steuerelementklasse.
Zeile 29: Der Eigenschaftsname _ExtentX in McToolBar1 ist ungültig.
Zeile 30: Der Eigenschaftsname _ExtentY in McToolBar1 ist ungültig.
Zeile 43: Der Eigenschaftsname Button_Count in McToolBar1 ist ungültig.
Zeile 44: Der Eigenschaftsname ButtonsWidth in McToolBar1 ist ungültig.
Zeile 45: Der Eigenschaftsname ButtonsHeight in McToolBar1 ist ungültig.
Zeile 46: Der Eigenschaftsname ButtonsPerRow in McToolBar1 ist ungültig.
Zeile 47: Der Eigenschaftsname HoverColor in McToolBar1 ist ungültig.
Zeile 48: Der Eigenschaftsname TooTipStyle in McToolBar1 ist ungültig.
Zeile 49: Der Eigenschaftsname BackGradientCol in McToolBar1 ist ungültig.
Zeile 50: Der Eigenschaftsname ButtonsStyle in McToolBar1 ist ungültig.
Zeile 51: Der Eigenschaftsname BorderColor in McToolBar1 ist ungültig.
Zeile 52: Der Eigenschaftsname ButtonCaption0 in McToolBar1 ist ungültig.
Zeile 53: Der Eigenschaftsname ButtonIcon0 in McToolBar1 ist ungültig.
Zeile 54: Der Eigenschaftsname ButtonCaption1 in McToolBar1 ist ungültig.
Zeile 55: Der Eigenschaftsname ButtonIcon1 in McToolBar1 ist ungültig.
Zeile 56: Der Eigenschaftsname ButtonCaption2 in McToolBar1 ist ungültig.
Zeile 57: Der Eigenschaftsname ButtonIcon2 in McToolBar1 ist ungültig.
Zeile 58: Der Eigenschaftsname ButtonCaption3 in McToolBar1 ist ungültig.
Zeile 59: Der Eigenschaftsname ButtonIcon3 in McToolBar1 ist ungültig.
Zeile 23: Eigenschaft BorderStyle in McToolBar1 konnte nicht gesetzt werden
